src/components/AdministrationPage.tsx(129,94): error TS2322: Type '{ className: string; title: string; }' is not assignable to type 'IntrinsicAttributes & LucideProps'.
  Property 'title' does not exist on type 'IntrinsicAttributes & LucideProps'.
src/components/AlarmPanel.tsx(51,38): error TS2322: Type '{ children: string; onClick: () => void; variant: string; size: string; className: string; }' is not assignable to type 'IntrinsicAttributes & ButtonHTMLAttributes<HTMLButtonElement>'.
  Property 'variant' does not exist on type 'IntrinsicAttributes & ButtonHTMLAttributes<HTMLButtonElement>'.
src/components/AlarmPanel.tsx(77,27): error TS2322: Type '{ children: Element; onClick: () => void; size: string; variant: string; className: string; }' is not assignable to type 'IntrinsicAttributes & ButtonHTMLAttributes<HTMLButtonElement>'.
  Property 'size' does not exist on type 'IntrinsicAttributes & ButtonHTMLAttributes<HTMLButtonElement>'.
src/components/AlarmPanel.tsx(85,27): error TS2322: Type '{ children: Element; onClick: () => void; size: string; variant: string; className: string; }' is not assignable to type 'IntrinsicAttributes & ButtonHTMLAttributes<HTMLButtonElement>'.
  Property 'size' does not exist on type 'IntrinsicAttributes & ButtonHTMLAttributes<HTMLButtonElement>'.
src/components/AlarmPanel.tsx(118,25): error TS2322: Type '{ children: Element; onClick: () => void; size: string; variant: string; className: string; }' is not assignable to type 'IntrinsicAttributes & ButtonHTMLAttributes<HTMLButtonElement>'.
  Property 'size' does not exist on type 'IntrinsicAttributes & ButtonHTMLAttributes<HTMLButtonElement>'.
src/components/ui/select.tsx(26,102): error TS2339: Property 'children' does not exist on type '{ value: string; className?: string | undefined; }'.
src/components/ui/select.tsx(32,80): error TS2339: Property 'children' does not exist on type '{ placeholder?: string | undefined; }'.
